// Jest Snapshot v1, https://goo.gl/fbAQLP

exports[`Home.vue test mounted 1`] = `
<contentpage-stub class="home-page">
  <section class="home-page__main">
    <v-container-stub tag="div" fluid="true" class="home-page__main__container">
      <v-layout-stub tag="div" class="home-page__main__layout">
        <div class="home-page__traveler-container"><img src="../assets/home/traveller.svg" class="home-page__traveler-img"></div>
        <v-layout-stub tag="div" class="home-page__main__content">
          <div class="box">
            <searchbox-stub></searchbox-stub>
          </div>
        </v-layout-stub>
      </v-layout-stub>
    </v-container-stub>
    <v-btn-stub color="secondary" dark="true" tag="button" activeclass="" href="#areas" large="true" fab="true" type="button" id="btnMaps">
      <v-icon-stub>mdi-arrow-down</v-icon-stub>
    </v-btn-stub>
  </section>
  <v-container-stub id="areas" tag="div">
    <h2>Areas</h2>
  </v-container-stub>
  <section class="sliders-container">
    <v-slide-group-stub activeclass="v-slide-item--active" tag="div" mobilebreakpoint="1264" nexticon="$next" previcon="$prev" showarrows="always"></v-slide-group-stub>
  </section>
  <v-container-stub tag="div">
    <h2>Maps</h2>
  </v-container-stub>
  <section id="maps"></section>
</contentpage-stub>
`;

exports[`Home.vue test mounted 2`] = `
<contentpage-stub class="home-page">
  <section class="home-page__main">
    <v-container-stub tag="div" fluid="true" class="home-page__main__container">
      <v-layout-stub tag="div" class="home-page__main__layout">
        <div class="home-page__traveler-container"><img src="../assets/home/traveller.svg" class="home-page__traveler-img"></div>
        <v-layout-stub tag="div" class="home-page__main__content">
          <div class="box">
            <searchbox-stub></searchbox-stub>
          </div>
        </v-layout-stub>
      </v-layout-stub>
    </v-container-stub>
    <v-btn-stub color="secondary" dark="true" tag="button" activeclass="" href="#areas" large="true" fab="true" type="button" id="btnMaps">
      <v-icon-stub>mdi-arrow-down</v-icon-stub>
    </v-btn-stub>
  </section>
  <v-container-stub id="areas" tag="div">
    <h2>Areas</h2>
  </v-container-stub>
  <section class="sliders-container">
    <v-slide-group-stub activeclass="v-slide-item--active" tag="div" mobilebreakpoint="1264" nexticon="$next" previcon="$prev" showarrows="always"></v-slide-group-stub>
  </section>
  <v-container-stub tag="div">
    <h2>Maps</h2>
  </v-container-stub>
  <section id="maps"></section>
</contentpage-stub>
`;
