// Jest Snapshot v1, https://goo.gl/fbAQLP

exports[`Home.vue test mounted 1`] = `
<contentpage-stub class="home-page">
  <section class="home-page__main">
    <v-container-stub tag="div" fluid="true" class="home-page__main__container">
      <v-layout-stub tag="div" class="home-page__main__layout">
        <div class="home-page__traveler-container"><img src="../assets/home/traveller.svg" class="home-page__traveler-img"></div>
        <v-layout-stub tag="div" class="home-page__main__content">
          <div class="box">
            <searchbox-stub></searchbox-stub>
          </div>
        </v-layout-stub>
      </v-layout-stub>
    </v-container-stub>
    <v-btn-stub color="secondary" dark="true" tag="button" activeclass="" href="#areas" large="true" fab="true" type="button" id="btnMaps">
      <v-icon-stub>mdi-arrow-down</v-icon-stub>
    </v-btn-stub>
  </section>
  <v-container-stub id="areas" tag="div">
    <h2>Areas</h2>
  </v-container-stub>
  <section class="sliders-container">
    <v-slide-group-stub valuecomparator="function deepEqual(a, b) {
          if (a === b) return true;

          if (a instanceof Date &amp;&amp; b instanceof Date &amp;&amp; a.getTime() !== b.getTime()) {
            // If the values are Date, compare them as timestamps
            return false;
          }

          if (a !== Object(a) || b !== Object(b)) {
            // If the values aren't objects, they were already checked for equality
            return false;
          }

          var props = Object.keys(a);

          if (props.length !== Object.keys(b).length) {
            // Different number of props, don't bother to check
            return false;
          }

          return props.every(function (p) {
            return deepEqual(a[p], b[p]);
          });
        }" activeclass="v-slide-item--active" tag="div" mobilebreakpoint="1264" nexticon="$next" previcon="$prev" showarrows="always"></v-slide-group-stub>
  </section>
  <v-container-stub tag="div">
    <h2>Maps</h2>
  </v-container-stub>
  <section id="maps"></section>
</contentpage-stub>
`;

exports[`Home.vue test mounted 2`] = `
<contentpage-stub class="home-page">
  <section class="home-page__main">
    <v-container-stub tag="div" fluid="true" class="home-page__main__container">
      <v-layout-stub tag="div" class="home-page__main__layout">
        <div class="home-page__traveler-container"><img src="../assets/home/traveller.svg" class="home-page__traveler-img"></div>
        <v-layout-stub tag="div" class="home-page__main__content">
          <div class="box">
            <searchbox-stub></searchbox-stub>
          </div>
        </v-layout-stub>
      </v-layout-stub>
    </v-container-stub>
    <v-btn-stub color="secondary" dark="true" tag="button" activeclass="" href="#areas" large="true" fab="true" type="button" id="btnMaps">
      <v-icon-stub>mdi-arrow-down</v-icon-stub>
    </v-btn-stub>
  </section>
  <v-container-stub id="areas" tag="div">
    <h2>Areas</h2>
  </v-container-stub>
  <section class="sliders-container">
    <v-slide-group-stub valuecomparator="function deepEqual(a, b) {
          if (a === b) return true;

          if (a instanceof Date &amp;&amp; b instanceof Date &amp;&amp; a.getTime() !== b.getTime()) {
            // If the values are Date, compare them as timestamps
            return false;
          }

          if (a !== Object(a) || b !== Object(b)) {
            // If the values aren't objects, they were already checked for equality
            return false;
          }

          var props = Object.keys(a);

          if (props.length !== Object.keys(b).length) {
            // Different number of props, don't bother to check
            return false;
          }

          return props.every(function (p) {
            return deepEqual(a[p], b[p]);
          });
        }" activeclass="v-slide-item--active" tag="div" mobilebreakpoint="1264" nexticon="$next" previcon="$prev" showarrows="always"></v-slide-group-stub>
  </section>
  <v-container-stub tag="div">
    <h2>Maps</h2>
  </v-container-stub>
  <section id="maps"></section>
</contentpage-stub>
`;
