// Jest Snapshot v1, https://goo.gl/fbAQLP

exports[`CardRoomMap.vue test search Input 1`] = `
<v-card-stub loaderheight="4" tag="div" id="card-map">
  <v-card-title-stub tag="div"><span id="card-title"> Define your map </span></v-card-title-stub>
  <v-card-text-stub tag="div">
    <v-row-stub tag="div" class="search-bar">
      <v-combobox-stub dark="true" errorcount="1" errormessages="" messages="" rules="" successmessages="" value="" appendicon="$dropdown" backgroundcolor="secondary" height="15" id="search-input" loaderheight="2" autofocus="true" clearicon="$clear" fullwidth="true" placeholder="Enter city, state or country" rounded="true" type="text" valuecomparator="[Function]" nodatatext="$vuetify.noDataText" items="Toulouse,Vieille-Toulouse" itemcolor="primary" itemdisabled="disabled" itemtext="text" itemvalue="value" menuprops="[object Object]" returnobject="true" allowoverflow="true" filter="[Function]" searchinput="Toulouse" delimiters=""></v-combobox-stub>
      <v-btn-stub color="dark" dark="true" tag="button" activeclass="" type="button" id="loadBtn">
        Load MAP
      </v-btn-stub>
    </v-row-stub>
    <gmapmap-stub center="[object Object]" zoom="1" maptypeid="roadmap" options="[object Object]" style="width: 100%; height: 400px;"></gmapmap-stub>
    <v-row-stub tag="div" justify="space-around">
      <!---->
    </v-row-stub>
  </v-card-text-stub>
  <v-card-actions-stub tag="div">
    <!---->
    <div class="flex-grow-1"></div>
    <v-btn-stub color="error" dark="true" tag="button" activeclass="" depressed="true" type="button">
      CANCEL
    </v-btn-stub>
    <v-btn-stub color="#43B581" dark="true" tag="button" activeclass="" depressed="true" type="button" id="btnStart">
      NEXT
    </v-btn-stub>
  </v-card-actions-stub>
</v-card-stub>
`;
