// Jest Snapshot v1, https://goo.gl/fbAQLP

exports[`Header.vue changeStreamerMode method 1`] = `
<div>
  <v-app-bar-stub height="100" tag="header" extensionheight="48" src="" value="true" class="header">
    <router-link to="/"><img src="@/assets/geoguessLogo.png" class="header__logo"> <img src="@/../public/img/icons/android-icon-72x72.png" class="header__logo-min"></router-link>
    <div class="flex-grow-1"></div>
    <v-app-bar-nav-icon-stub class="header__nav-icon"></v-app-bar-nav-icon-stub>
    <nav class="header__nav">
      <v-btn-stub tag="button" activeclass="" text="true" type="button" id="historyBtn">
        <router-link to="/history">
          Historique
        </router-link>
      </v-btn-stub>
      <div class="header__nav__btns">
        <v-btn-stub tag="button" activeclass="" text="true" type="button" id="aboutBtn">
          <v-icon-stub size="30"> mdi-help-circle </v-icon-stub>
        </v-btn-stub>
        <v-btn-stub tag="button" activeclass="" text="true" type="button">
          <v-icon-stub size="30">
            mdi-eye
          </v-icon-stub>
        </v-btn-stub>
        <v-menu-stub opendelay="0" closedelay="0" contentclass="" maxwidth="auto" nudgebottom="0" nudgeleft="0" nudgeright="0" nudgetop="0" nudgewidth="0" openonclick="true" closeonclick="true" closeoncontentclick="true" maxheight="auto" origin="top left" transition="v-menu-transition">
          <v-list-stub tag="div" id="menuLanguage">
            <v-list-item-stub activeclass="" tag="div">
              <v-list-item-title-stub>
                English
              </v-list-item-title-stub>
            </v-list-item-stub>
            <v-list-item-stub activeclass="" tag="div">
              <v-list-item-title-stub>
                Français
              </v-list-item-title-stub>
            </v-list-item-stub>
            <v-list-item-stub activeclass="" tag="div">
              <v-list-item-title-stub>
                čeština
              </v-list-item-title-stub>
            </v-list-item-stub>
            <v-list-item-stub activeclass="" tag="div">
              <v-list-item-title-stub>
                русский
              </v-list-item-title-stub>
            </v-list-item-stub>
            <v-list-item-stub activeclass="" tag="div">
              <v-list-item-title-stub>
                Português (Brasil)
              </v-list-item-title-stub>
            </v-list-item-stub>
            <v-list-item-stub activeclass="" tag="div">
              <v-list-item-title-stub>
                Deutsch
              </v-list-item-title-stub>
            </v-list-item-stub>
            <v-list-item-stub activeclass="" tag="div">
              <v-list-item-title-stub>
                Italiano
              </v-list-item-title-stub>
            </v-list-item-stub>
            <v-list-item-stub activeclass="" tag="div">
              <v-list-item-title-stub>
                Svenska
              </v-list-item-title-stub>
            </v-list-item-stub>
            <v-list-item-stub activeclass="" tag="div">
              <v-list-item-title-stub>
                Türkçe
              </v-list-item-title-stub>
            </v-list-item-stub>
            <v-list-item-stub activeclass="" tag="div">
              <v-list-item-title-stub>
                עִבְרִית
              </v-list-item-title-stub>
            </v-list-item-stub>
            <v-list-item-stub activeclass="" tag="div">
              <v-list-item-title-stub>
                日本語
              </v-list-item-title-stub>
            </v-list-item-stub>
          </v-list-stub>
        </v-menu-stub>
      </div>
    </nav>
    <v-dialog-stub opendelay="0" closedelay="0" contentclass="" maxwidth="none" origin="center center" retainfocus="true" transition="dialog-transition" width="auto">
      <about-stub></about-stub>
    </v-dialog-stub>
  </v-app-bar-stub>
  <!---->
  <v-alert-stub color="streamerMode" tag="div" transition="slide-x-reverse-transition" closelabel="$vuetify.close" dismissible="true" closeicon="$cancel" icon="mdi-twitch" type="success" id="alertStreamerMode">
    <h4>Mode Streamer activé</h4>
    <p>Les URLs et les noms des salles sont masqués</p>
  </v-alert-stub>
</div>
`;

exports[`Header.vue open dialog about 1`] = `
<div>
  <header class="header v-sheet theme--light v-toolbar v-app-bar" style="height: 100px; margin-top: 0px; transform: translateY(0px); left: 0px; right: 0px;">
    <div class="v-toolbar__content" style="height: 100px;">
      <router-link to="/"><img src="@/assets/geoguessLogo.png" class="header__logo"> <img src="@/../public/img/icons/android-icon-72x72.png" class="header__logo-min"></router-link>
      <div class="flex-grow-1"></div> <button type="button" class="v-app-bar__nav-icon header__nav-icon v-btn v-btn--flat v-btn--icon v-btn--round theme--light v-size--default"><span class="v-btn__content"><i aria-hidden="true" class="v-icon notranslate mdi mdi-menu theme--light"></i></span></button>
      <nav class="header__nav"><button type="button" class="v-btn v-btn--flat v-btn--text theme--light v-size--default" id="historyBtn"><span class="v-btn__content"><router-link to="/history">
                    HISTORY
                </router-link></span></button>
        <div class="header__nav__btns"><button type="button" class="v-btn v-btn--flat v-btn--text theme--light v-size--default" id="aboutBtn"><span class="v-btn__content"><i aria-hidden="true" class="v-icon notranslate mdi mdi-help-circle theme--light" style="font-size: 30px;"></i></span></button> <button type="button" class="v-btn v-btn--flat v-btn--text theme--light v-size--default"><span class="v-btn__content"><i aria-hidden="true" class="v-icon notranslate mdi mdi-eye theme--light" style="font-size: 30px;"></i></span></button>
          <div class="v-menu"><button type="button" class="v-btn v-btn--flat v-btn--text theme--light v-size--default" id="languageBtn"><span class="v-btn__content"><i aria-hidden="true" class="v-icon notranslate mdi mdi-translate theme--light" style="font-size: 30px;"></i></span></button>
            <!---->
          </div>
        </div>
      </nav>
      <div role="dialog" class="v-dialog__container">
        <!---->
      </div>
    </div>
  </header>
  <!---->
  <transition-stub name="slide-x-reverse-transition" id="alertStreamerMode">
    <div role="alert" class="v-alert v-sheet theme--dark streamerMode" style="display: none;">
      <div class="v-alert__wrapper"><i aria-hidden="true" class="v-icon notranslate v-alert__icon mdi mdi-twitch theme--dark"></i>
        <div class="v-alert__content">
          <h4>Streamer mode activate</h4>
          <p>URLs and room names are hidden</p>
        </div><button type="button" class="v-alert__dismissible v-btn v-btn--flat v-btn--icon v-btn--round theme--dark v-size--small" aria-label="Close"><span class="v-btn__content"><i aria-hidden="true" class="v-icon notranslate mdi mdi-close-circle theme--dark"></i></span></button>
      </div>
    </div>
  </transition-stub>
</div>
`;
