// Jest Snapshot v1, https://goo.gl/fbAQLP

exports[`SearchBox.vue render 1`] = `
<div class="search-box">
  <h2>0 visited places</h2>
  <div class="search-box__btns">
    <v-btn-stub color="primary" rounded="true" tag="button" activeclass="" large="true" type="button" class="search-box__btns__btn">
      Single Player
    </v-btn-stub>
    <v-btn-stub color="secondary" rounded="true" tag="button" activeclass="" large="true" type="button" class="search-box__btns__btn">
      With Friends
    </v-btn-stub>
    <dialogroom-stub></dialogroom-stub>
  </div>
  <div class="search-box__mapmenu">
    <v-btn-stub color="primary" height="50" tag="button" activeclass="" text="true" type="button" class="btn-customs">
      <v-icon-stub>mdi-map-plus</v-icon-stub> Create Map
    </v-btn-stub>
    <dialogcustommap-stub></dialogcustommap-stub>
  </div>
</div>
`;
