// Vitest Snapshot v1, https://vitest.dev/guide/snapshot.html

exports[`SearchBox.vue > render 1`] = `
VueWrapper {
  "_emitted": {
    "hook:beforeCreate": [
      [],
    ],
    "hook:beforeMount": [
      [],
    ],
    "hook:created": [
      [],
    ],
    "hook:mounted": [
      [],
    ],
    "hook:renderTracked": [
      [],
      [],
      [],
      [],
      [],
      [],
      [],
      [],
      [],
      [],
      [],
      [],
      [],
      [],
      [],
      [],
      [],
      [],
      [],
      [],
      [],
      [],
      [],
      [],
      [],
      [],
      [],
    ],
    "hook:renderTriggered": [
      [],
    ],
  },
  "_emittedByOrder": [
    {
      "args": [],
      "name": "hook:beforeCreate",
    },
    {
      "args": [],
      "name": "hook:created",
    },
    {
      "args": [],
      "name": "hook:beforeMount",
    },
    {
      "args": [],
      "name": "hook:renderTracked",
    },
    {
      "args": [],
      "name": "hook:renderTracked",
    },
    {
      "args": [],
      "name": "hook:renderTracked",
    },
    {
      "args": [],
      "name": "hook:renderTracked",
    },
    {
      "args": [],
      "name": "hook:renderTracked",
    },
    {
      "args": [],
      "name": "hook:renderTracked",
    },
    {
      "args": [],
      "name": "hook:renderTracked",
    },
    {
      "args": [],
      "name": "hook:renderTracked",
    },
    {
      "args": [],
      "name": "hook:renderTracked",
    },
    {
      "args": [],
      "name": "hook:renderTracked",
    },
    {
      "args": [],
      "name": "hook:renderTracked",
    },
    {
      "args": [],
      "name": "hook:renderTracked",
    },
    {
      "args": [],
      "name": "hook:renderTracked",
    },
    {
      "args": [],
      "name": "hook:renderTracked",
    },
    {
      "args": [],
      "name": "hook:renderTracked",
    },
    {
      "args": [],
      "name": "hook:renderTracked",
    },
    {
      "args": [],
      "name": "hook:renderTracked",
    },
    {
      "args": [],
      "name": "hook:renderTracked",
    },
    {
      "args": [],
      "name": "hook:renderTracked",
    },
    {
      "args": [],
      "name": "hook:renderTracked",
    },
    {
      "args": [],
      "name": "hook:renderTracked",
    },
    {
      "args": [],
      "name": "hook:renderTracked",
    },
    {
      "args": [],
      "name": "hook:renderTracked",
    },
    {
      "args": [],
      "name": "hook:renderTracked",
    },
    {
      "args": [],
      "name": "hook:renderTracked",
    },
    {
      "args": [],
      "name": "hook:renderTracked",
    },
    {
      "args": [],
      "name": "hook:renderTracked",
    },
    {
      "args": [],
      "name": "hook:renderTriggered",
    },
    {
      "args": [],
      "name": "hook:mounted",
    },
  ],
  "isFunctionalComponent": undefined,
}
`;
